************************************************************************
**                                                                    **
**                                                                    **
**                         OpenRadioss Engine                         **
**                                                                    **
**            Non-linear Finite Element Analysis Software             **
**                                                                    **
**                                                                    **
**                                                                    **
**               Linux 64 bits, ARM, GFortran compiler                **
**                      Double Precision Version                      **
**                                                                    **
**                                                                    **
**                                                                    **
************************************************************************
** OpenRadioss Software                                               **
** COPYRIGHT (C) 2026 Siemens                                         **
** Licensed under GNU Affero General Public License.                  **
** See License file.                                                  **
************************************************************************
 
 ROOT: assembly  RESTART: 0001
 NUMBER OF HMPP PROCESSES     8
 20/08/2026
 NC=       0 T= 0.0000E+00 DT= 2.4259E-10 ERR=  0.0% DM/M= 0.0000E+00
     ANIMATION FILE: assemblyA001 WRITTEN
 NC=    5000 T= 1.2130E-06 DT= 2.4259E-10 ERR=  0.0% DM/M= 0.0000E+00
 ELAPSED TIME=         38.53 s  REMAINING TIME=     349405.21 s
 NC=   10000 T= 2.4259E-06 DT= 2.4259E-10 ERR=  0.0% DM/M= 0.0000E+00
 ELAPSED TIME=         70.00 s  REMAINING TIME=     317316.43 s
 NC=   15000 T= 3.6389E-06 DT= 2.4259E-10 ERR=  0.0% DM/M= 0.0000E+00
 ELAPSED TIME=         99.75 s  REMAINING TIME=     301436.70 s
 NC=   20000 T= 4.8518E-06 DT= 2.4259E-10 ERR=  0.0% DM/M= 0.0000E+00
 ELAPSED TIME=        130.55 s  REMAINING TIME=     295856.10 s
 NC=   25000 T= 6.0648E-06 DT= 2.4259E-10 ERR=  0.0% DM/M= 0.0000E+00
 ELAPSED TIME=        157.85 s  REMAINING TIME=     286146.10 s
 NC=   30000 T= 7.2777E-06 DT= 2.4259E-10 ERR=  0.0% DM/M= 0.0000E+00
 ELAPSED TIME=        180.40 s  REMAINING TIME=     272483.72 s
 NC=   35000 T= 8.4907E-06 DT= 2.4259E-10 ERR=  0.0% DM/M= 0.0000E+00
 ELAPSED TIME=        201.83 s  REMAINING TIME=     261273.77 s
 NC=   40000 T= 9.7037E-06 DT= 2.4259E-10 ERR=  0.0% DM/M= 0.0000E+00
 ELAPSED TIME=        222.27 s  REMAINING TIME=     251743.56 s
 NC=   45000 T= 1.0917E-05 DT= 2.4259E-10 ERR=  0.0% DM/M= 0.0000E+00
 ELAPSED TIME=        243.56 s  REMAINING TIME=     245173.62 s
 NC=   50000 T= 1.2130E-05 DT= 2.4259E-10 ERR=  0.0% DM/M= 0.0000E+00
 ELAPSED TIME=        264.18 s  REMAINING TIME=     239317.73 s
 NC=   55000 T= 1.3343E-05 DT= 2.4259E-10 ERR=  0.0% DM/M= 0.0000E+00
 ELAPSED TIME=        284.37 s  REMAINING TIME=     234155.27 s
 NC=   60000 T= 1.4555E-05 DT= 2.4259E-10 ERR=  0.0% DM/M= 0.0000E+00
 ELAPSED TIME=        304.95 s  REMAINING TIME=     230156.63 s
 NC=   65000 T= 1.5768E-05 DT= 2.4259E-10 ERR=  0.0% DM/M= 0.0000E+00
 ELAPSED TIME=        326.73 s  REMAINING TIME=     227597.76 s
 NC=   70000 T= 1.6981E-05 DT= 2.4259E-10 ERR=  0.0% DM/M= 0.0000E+00
 ELAPSED TIME=        347.69 s  REMAINING TIME=     224875.61 s
 NC=   75000 T= 1.8194E-05 DT= 2.4259E-10 ERR=  0.0% DM/M= 0.0000E+00
 ELAPSED TIME=        368.19 s  REMAINING TIME=     222231.30 s
 NC=   80000 T= 1.9407E-05 DT= 2.4259E-10 ERR=  0.0% DM/M= 0.0000E+00
 ELAPSED TIME=        389.03 s  REMAINING TIME=     220110.00 s
 NC=   85000 T= 2.0620E-05 DT= 2.4259E-10 ERR=  0.0% DM/M= 0.0000E+00
 ELAPSED TIME=        408.90 s  REMAINING TIME=     217721.16 s
 NC=   90000 T= 2.1833E-05 DT= 2.4259E-10 ERR=  0.0% DM/M= 0.0000E+00
 ELAPSED TIME=        430.12 s  REMAINING TIME=     216271.47 s
 NC=   95000 T= 2.3046E-05 DT= 2.4259E-10 ERR=  0.0% DM/M= 0.0000E+00
 ELAPSED TIME=        450.87 s  REMAINING TIME=     214751.43 s
 NC=  100000 T= 2.4259E-05 DT= 2.4259E-10 ERR=  0.0% DM/M= 0.0000E+00
 ELAPSED TIME=        471.18 s  REMAINING TIME=     213181.22 s
 NC=  105000 T= 2.5472E-05 DT= 2.4259E-10 ERR=  0.0% DM/M= 0.0000E+00
 ELAPSED TIME=        494.36 s  REMAINING TIME=     212991.45 s
 NC=  110000 T= 2.6685E-05 DT= 2.4259E-10 ERR=  0.0% DM/M= 0.0000E+00
 ELAPSED TIME=        515.35 s  REMAINING TIME=     211920.53 s
 NC=  115000 T= 2.7898E-05 DT= 2.4259E-10 ERR=  0.0% DM/M= 0.0000E+00
 ELAPSED TIME=        534.67 s  REMAINING TIME=     210283.99 s
 NC=  120000 T= 2.9111E-05 DT= 2.4259E-10 ERR=  0.0% DM/M= 0.0000E+00
 ELAPSED TIME=        554.92 s  REMAINING TIME=     209129.38 s
 NC=  125000 T= 3.0324E-05 DT= 2.4259E-10 ERR=  0.0% DM/M= 0.0000E+00
 ELAPSED TIME=        575.92 s  REMAINING TIME=     208338.01 s
 NC=  130000 T= 3.1537E-05 DT= 2.4259E-10 ERR=  0.0% DM/M= 0.0000E+00
 ELAPSED TIME=        596.31 s  REMAINING TIME=     207395.01 s
 NC=  135000 T= 3.2750E-05 DT= 2.4259E-10 ERR=  0.0% DM/M= 0.0000E+00
 ELAPSED TIME=        616.20 s  REMAINING TIME=     206352.22 s
 NC=  140000 T= 3.3963E-05 DT= 2.4259E-10 ERR=  0.0% DM/M= 0.0000E+00
 ELAPSED TIME=        636.58 s  REMAINING TIME=     205541.23 s
 NC=  145000 T= 3.5176E-05 DT= 2.4259E-10 ERR=  0.0% DM/M= 0.0000E+00
 ELAPSED TIME=        657.35 s  REMAINING TIME=     204907.51 s
 NC=  150000 T= 3.6389E-05 DT= 2.4259E-10 ERR=  0.0% DM/M= 0.0000E+00
 ELAPSED TIME=        676.94 s  REMAINING TIME=     203955.33 s
 NC=  155000 T= 3.7602E-05 DT= 2.4259E-10 ERR=  0.0% DM/M= 0.0000E+00
 ELAPSED TIME=        697.71 s  REMAINING TIME=     203410.20 s
 NC=  160000 T= 3.8815E-05 DT= 2.4259E-10 ERR=  0.0% DM/M= 0.0000E+00
 ELAPSED TIME=        717.70 s  REMAINING TIME=     202676.30 s
 NC=  165000 T= 4.0028E-05 DT= 2.4259E-10 ERR=  0.0% DM/M= 0.0000E+00
 ELAPSED TIME=        737.40 s  REMAINING TIME=     201906.60 s
 NC=  170000 T= 4.1241E-05 DT= 2.4259E-10 ERR=  0.0% DM/M= 0.0000E+00
 ELAPSED TIME=        757.75 s  REMAINING TIME=     201356.50 s
 NC=  175000 T= 4.2454E-05 DT= 2.4259E-10 ERR=  0.0% DM/M= 0.0000E+00
 ELAPSED TIME=        778.13 s  REMAINING TIME=     200840.48 s
 NC=  180000 T= 4.3666E-05 DT= 2.4259E-10 ERR=  0.0% DM/M= 0.0000E+00
 ELAPSED TIME=        798.02 s  REMAINING TIME=     200231.43 s
 NC=  185000 T= 4.4879E-05 DT= 2.4259E-10 ERR=  0.0% DM/M= 0.0000E+00
 ELAPSED TIME=        818.10 s  REMAINING TIME=     199698.44 s
 NC=  190000 T= 4.6092E-05 DT= 2.4259E-10 ERR=  0.0% DM/M= 0.0000E+00
 ELAPSED TIME=        839.47 s  REMAINING TIME=     199500.49 s
 NC=  195000 T= 4.7305E-05 DT= 2.4259E-10 ERR=  0.0% DM/M= 0.0000E+00
 ELAPSED TIME=        861.12 s  REMAINING TIME=     199377.53 s
 NC=  200000 T= 4.8518E-05 DT= 2.4259E-10 ERR=  0.0% DM/M= 0.0000E+00
 ELAPSED TIME=        882.24 s  REMAINING TIME=     199137.05 s
 NC=  205000 T= 4.9731E-05 DT= 2.4259E-10 ERR=  0.0% DM/M= 0.0000E+00
 ELAPSED TIME=        903.07 s  REMAINING TIME=     198846.71 s
 NC=  210000 T= 5.0944E-05 DT= 2.4259E-10 ERR=  0.0% DM/M= 0.0000E+00
 ELAPSED TIME=        923.38 s  REMAINING TIME=     198454.73 s
 NC=  215000 T= 5.2157E-05 DT= 2.4259E-10 ERR=  0.0% DM/M= 0.0000E+00
 ELAPSED TIME=        943.71 s  REMAINING TIME=     198086.16 s
 NC=  220000 T= 5.3370E-05 DT= 2.4259E-10 ERR=  0.0% DM/M= 0.0000E+00
 ELAPSED TIME=        964.40 s  REMAINING TIME=     197805.05 s
 NC=  225000 T= 5.4583E-05 DT= 2.4259E-10 ERR=  0.0% DM/M= 0.0000E+00
 ELAPSED TIME=        985.11 s  REMAINING TIME=     197542.44 s
 NC=  230000 T= 5.5796E-05 DT= 2.4259E-10 ERR=  0.0% DM/M= 0.0000E+00
 ELAPSED TIME=       1005.61 s  REMAINING TIME=     197246.24 s
 NC=  235000 T= 5.7009E-05 DT= 2.4259E-10 ERR=  0.0% DM/M= 0.0000E+00
 ELAPSED TIME=       1025.41 s  REMAINING TIME=     196830.43 s
 NC=  240000 T= 5.8222E-05 DT= 2.4259E-10 ERR=  0.0% DM/M= 0.0000E+00
 ELAPSED TIME=       1045.90 s  REMAINING TIME=     196558.78 s
 NC=  245000 T= 5.9435E-05 DT= 2.4259E-10 ERR=  0.0% DM/M= 0.0000E+00
 ELAPSED TIME=       1065.90 s  REMAINING TIME=     196206.15 s
 NC=  250000 T= 6.0648E-05 DT= 2.4259E-10 ERR=  0.0% DM/M= 0.0000E+00
 ELAPSED TIME=       1086.51 s  REMAINING TIME=     195979.40 s
 NC=  255000 T= 6.1861E-05 DT= 2.4259E-10 ERR=  0.0% DM/M= 0.0000E+00
 ELAPSED TIME=       1106.51 s  REMAINING TIME=     195651.86 s
 NC=  260000 T= 6.3074E-05 DT= 2.4259E-10 ERR=  0.0% DM/M= 0.0000E+00
 ELAPSED TIME=       1127.33 s  REMAINING TIME=     195478.51 s
 NC=  265000 T= 6.4287E-05 DT= 2.4259E-10 ERR=  0.0% DM/M= 0.0000E+00
 ELAPSED TIME=       1147.49 s  REMAINING TIME=     195198.14 s
 NC=  270000 T= 6.5500E-05 DT= 2.4259E-10 ERR=  0.0% DM/M= 0.0000E+00
 ELAPSED TIME=       1167.62 s  REMAINING TIME=     194922.80 s
 NC=  275000 T= 6.6713E-05 DT= 2.4259E-10 ERR=  0.0% DM/M= 0.0000E+00
 ELAPSED TIME=       1190.39 s  REMAINING TIME=     195089.10 s
 NC=  280000 T= 6.7926E-05 DT= 2.4259E-10 ERR=  0.0% DM/M= 0.0000E+00
 ELAPSED TIME=       1210.83 s  REMAINING TIME=     194873.75 s
 NC=  285000 T= 6.9139E-05 DT= 2.4259E-10 ERR=  0.0% DM/M= 0.0000E+00
 ELAPSED TIME=       1230.55 s  REMAINING TIME=     194550.60 s
 NC=  290000 T= 7.0352E-05 DT= 2.4259E-10 ERR=  0.0% DM/M= 0.0000E+00
 ELAPSED TIME=       1250.59 s  REMAINING TIME=     194289.09 s
 NC=  295000 T= 7.1564E-05 DT= 2.4259E-10 ERR=  0.0% DM/M= 0.0000E+00
 ELAPSED TIME=       1271.14 s  REMAINING TIME=     194112.29 s
 NC=  300000 T= 7.2777E-05 DT= 2.4259E-10 ERR=  0.0% DM/M= 0.0000E+00
 ELAPSED TIME=       1290.68 s  REMAINING TIME=     193789.49 s
 NC=  305000 T= 7.3990E-05 DT= 2.4259E-10 ERR=  0.0% DM/M= 0.0000E+00
 ELAPSED TIME=       1310.76 s  REMAINING TIME=     193556.59 s
 NC=  310000 T= 7.5203E-05 DT= 2.4259E-10 ERR=  0.0% DM/M= 0.0000E+00
 ELAPSED TIME=       1331.92 s  REMAINING TIME=     193487.83 s
 NC=  315000 T= 7.6416E-05 DT= 2.4259E-10 ERR=  0.0% DM/M= 0.0000E+00
 ELAPSED TIME=       1352.31 s  REMAINING TIME=     193309.89 s
 NC=  320000 T= 7.7629E-05 DT= 2.4259E-10 ERR=  0.0% DM/M= 0.0000E+00
 ELAPSED TIME=       1372.73 s  REMAINING TIME=     193142.38 s
 NC=  325000 T= 7.8842E-05 DT= 2.4259E-10 ERR=  0.0% DM/M= 0.0000E+00
 ELAPSED TIME=       1392.86 s  REMAINING TIME=     192937.22 s
 NC=  330000 T= 8.0055E-05 DT= 2.4259E-10 ERR=  0.0% DM/M= 0.0000E+00
 ELAPSED TIME=       1412.91 s  REMAINING TIME=     192727.64 s
 NC=  335000 T= 8.1268E-05 DT= 2.4259E-10 ERR=  0.0% DM/M= 0.0000E+00
 ELAPSED TIME=       1433.10 s  REMAINING TIME=     192543.39 s
 NC=  340000 T= 8.2481E-05 DT= 2.4259E-10 ERR=  0.0% DM/M= 0.0000E+00
 ELAPSED TIME=       1452.94 s  REMAINING TIME=     192316.93 s
 NC=  345000 T= 8.3694E-05 DT= 2.4259E-10 ERR=  0.0% DM/M= 0.0000E+00
 ELAPSED TIME=       1473.33 s  REMAINING TIME=     192167.74 s
 NC=  350000 T= 8.4907E-05 DT= 2.4259E-10 ERR=  0.0% DM/M= 0.0000E+00
 ELAPSED TIME=       1493.91 s  REMAINING TIME=     192047.58 s
 NC=  355000 T= 8.6120E-05 DT= 2.4259E-10 ERR=  0.0% DM/M= 0.0000E+00
 ELAPSED TIME=       1514.22 s  REMAINING TIME=     191895.73 s
 NC=  360000 T= 8.7333E-05 DT= 2.4259E-10 ERR=  0.0% DM/M= 0.0000E+00
 ELAPSED TIME=       1536.81 s  REMAINING TIME=     192031.18 s
 NC=  365000 T= 8.8546E-05 DT= 2.4259E-10 ERR=  0.0% DM/M= 0.0000E+00
 ELAPSED TIME=       1556.96 s  REMAINING TIME=     191862.86 s
 NC=  370000 T= 8.9759E-05 DT= 2.4259E-10 ERR=  0.0% DM/M= 0.0000E+00
 ELAPSED TIME=       1577.00 s  REMAINING TIME=     191685.09 s
 NC=  375000 T= 9.0972E-05 DT= 2.4259E-10 ERR=  0.0% DM/M= 0.0000E+00
 ELAPSED TIME=       1597.21 s  REMAINING TIME=     191531.79 s
 NC=  380000 T= 9.2185E-05 DT= 2.4259E-10 ERR=  0.0% DM/M= 0.0000E+00
 ELAPSED TIME=       1617.64 s  REMAINING TIME=     191408.72 s
 NC=  385000 T= 9.3398E-05 DT= 2.4259E-10 ERR=  0.0% DM/M= 0.0000E+00
 ELAPSED TIME=       1638.57 s  REMAINING TIME=     191346.04 s
 NC=  390000 T= 9.4611E-05 DT= 2.4259E-10 ERR=  0.0% DM/M= 0.0000E+00
 ELAPSED TIME=       1659.32 s  REMAINING TIME=     191263.39 s
 NC=  395000 T= 9.5824E-05 DT= 2.4259E-10 ERR=  0.0% DM/M= 0.0000E+00
 ELAPSED TIME=       1679.45 s  REMAINING TIME=     191111.81 s
 NC=  400000 T= 9.7037E-05 DT= 2.4259E-10 ERR=  0.0% DM/M= 0.0000E+00
 ELAPSED TIME=       1699.96 s  REMAINING TIME=     191006.30 s
 NC=  405000 T= 9.8250E-05 DT= 2.4259E-10 ERR=  0.0% DM/M= 0.0000E+00
 ELAPSED TIME=       1719.27 s  REMAINING TIME=     190769.47 s
 NC=  410000 T= 9.9463E-05 DT= 2.4259E-10 ERR=  0.0% DM/M= 0.0000E+00
 ELAPSED TIME=       1739.55 s  REMAINING TIME=     190645.50 s
 NC=  415000 T= 1.0068E-04 DT= 2.4259E-10 ERR=  0.0% DM/M= 0.0000E+00
 ELAPSED TIME=       1760.30 s  REMAINING TIME=     190573.43 s
 NC=  420000 T= 1.0189E-04 DT= 2.4259E-10 ERR=  0.0% DM/M= 0.0000E+00
 ELAPSED TIME=       1780.65 s  REMAINING TIME=     190460.17 s
 NC=  425000 T= 1.0310E-04 DT= 2.4259E-10 ERR=  0.0% DM/M= 0.0000E+00
 ELAPSED TIME=       1801.03 s  REMAINING TIME=     190352.35 s
 NC=  430000 T= 1.0431E-04 DT= 2.4259E-10 ERR=  0.0% DM/M= 0.0000E+00
 ELAPSED TIME=       1822.20 s  REMAINING TIME=     190329.99 s
 NC=  435000 T= 1.0553E-04 DT= 2.4259E-10 ERR=  0.0% DM/M= 0.0000E+00
 ELAPSED TIME=       1843.60 s  REMAINING TIME=     190330.52 s
 NC=  440000 T= 1.0674E-04 DT= 2.4259E-10 ERR=  0.0% DM/M= 0.0000E+00
 ELAPSED TIME=       1866.54 s  REMAINING TIME=     190487.42 s
 NC=  445000 T= 1.0795E-04 DT= 2.4259E-10 ERR=  0.0% DM/M= 0.0000E+00
 ELAPSED TIME=       1887.19 s  REMAINING TIME=     190409.72 s
 NC=  450000 T= 1.0917E-04 DT= 2.4259E-10 ERR=  0.0% DM/M= 0.0000E+00
 ELAPSED TIME=       1907.86 s  REMAINING TIME=     190335.02 s
 NC=  455000 T= 1.1038E-04 DT= 2.4259E-10 ERR=  0.0% DM/M= 0.0000E+00
 ELAPSED TIME=       1928.95 s  REMAINING TIME=     190303.08 s
 NC=  460000 T= 1.1159E-04 DT= 2.4259E-10 ERR=  0.0% DM/M= 0.0000E+00
 ELAPSED TIME=       1949.77 s  REMAINING TIME=     190245.20 s
 NC=  465000 T= 1.1281E-04 DT= 2.4259E-10 ERR=  0.0% DM/M= 0.0000E+00
 ELAPSED TIME=       1969.80 s  REMAINING TIME=     190112.16 s
 NC=  470000 T= 1.1402E-04 DT= 2.4259E-10 ERR=  0.0% DM/M= 0.0000E+00
 ELAPSED TIME=       1990.19 s  REMAINING TIME=     190015.07 s
 NC=  475000 T= 1.1523E-04 DT= 2.4259E-10 ERR=  0.0% DM/M= 0.0000E+00
 ELAPSED TIME=       2010.29 s  REMAINING TIME=     189893.24 s
 NC=  480000 T= 1.1644E-04 DT= 2.4259E-10 ERR=  0.0% DM/M= 0.0000E+00
 ELAPSED TIME=       2030.13 s  REMAINING TIME=     189748.39 s
 NC=  485000 T= 1.1766E-04 DT= 2.4259E-10 ERR=  0.0% DM/M= 0.0000E+00
 ELAPSED TIME=       2050.60 s  REMAINING TIME=     189664.43 s
 NC=  490000 T= 1.1887E-04 DT= 2.4259E-10 ERR=  0.0% DM/M= 0.0000E+00
 ELAPSED TIME=       2071.30 s  REMAINING TIME=     189603.44 s
 NC=  495000 T= 1.2008E-04 DT= 2.4259E-10 ERR=  0.0% DM/M= 0.0000E+00
 ELAPSED TIME=       2091.64 s  REMAINING TIME=     189509.82 s
 NC=  500000 T= 1.2130E-04 DT= 2.4259E-10 ERR=  0.0% DM/M= 0.0000E+00
 ELAPSED TIME=       2112.46 s  REMAINING TIME=     189460.95 s
 NC=  505000 T= 1.2251E-04 DT= 2.4259E-10 ERR=  0.0% DM/M= 0.0000E+00
 ELAPSED TIME=       2132.96 s  REMAINING TIME=     189384.98 s
 NC=  510000 T= 1.2372E-04 DT= 2.4259E-10 ERR=  0.0% DM/M= 0.0000E+00
 ELAPSED TIME=       2153.28 s  REMAINING TIME=     189293.35 s
 NC=  515000 T= 1.2493E-04 DT= 2.4259E-10 ERR=  0.0% DM/M= 0.0000E+00
 ELAPSED TIME=       2174.48 s  REMAINING TIME=     189279.68 s
 NC=  520000 T= 1.2615E-04 DT= 2.4259E-10 ERR=  0.0% DM/M= 0.0000E+00
 ELAPSED TIME=       2197.18 s  REMAINING TIME=     189396.00 s
 NC=  525000 T= 1.2736E-04 DT= 2.4259E-10 ERR=  0.0% DM/M= 0.0000E+00
 ELAPSED TIME=       2217.66 s  REMAINING TIME=     189319.38 s
 NC=  530000 T= 1.2857E-04 DT= 2.4259E-10 ERR=  0.0% DM/M= 0.0000E+00
 ELAPSED TIME=       2238.94 s  REMAINING TIME=     189311.83 s
 NC=  535000 T= 1.2979E-04 DT= 2.4259E-10 ERR=  0.0% DM/M= 0.0000E+00
 ELAPSED TIME=       2259.25 s  REMAINING TIME=     189222.40 s
 NC=  540000 T= 1.3100E-04 DT= 2.4259E-10 ERR=  0.0% DM/M= 0.0000E+00
 ELAPSED TIME=       2279.21 s  REMAINING TIME=     189106.03 s
 NC=  545000 T= 1.3221E-04 DT= 2.4259E-10 ERR=  0.0% DM/M= 0.0000E+00
 ELAPSED TIME=       2299.33 s  REMAINING TIME=     189003.58 s
 NC=  550000 T= 1.3343E-04 DT= 2.4259E-10 ERR=  0.0% DM/M= 0.0000E+00
 ELAPSED TIME=       2319.70 s  REMAINING TIME=     188923.28 s
 NC=  555000 T= 1.3464E-04 DT= 2.4259E-10 ERR=  0.0% DM/M= 0.0000E+00
 ELAPSED TIME=       2339.91 s  REMAINING TIME=     188831.33 s
 NC=  560000 T= 1.3585E-04 DT= 2.4259E-10 ERR=  0.0% DM/M= 0.0000E+00
 ELAPSED TIME=       2360.49 s  REMAINING TIME=     188770.45 s
 NC=  565000 T= 1.3706E-04 DT= 2.4259E-10 ERR=  0.0% DM/M= 0.0000E+00
 ELAPSED TIME=       2381.21 s  REMAINING TIME=     188720.99 s
 NC=  570000 T= 1.3828E-04 DT= 2.4259E-10 ERR=  0.0% DM/M= 0.0000E+00
 ELAPSED TIME=       2401.92 s  REMAINING TIME=     188671.52 s
 NC=  575000 T= 1.3949E-04 DT= 2.4259E-10 ERR=  0.0% DM/M= 0.0000E+00
 ELAPSED TIME=       2421.80 s  REMAINING TIME=     188557.72 s
 NC=  580000 T= 1.4070E-04 DT= 2.4259E-10 ERR=  0.0% DM/M= 0.0000E+00
 ELAPSED TIME=       2442.22 s  REMAINING TIME=     188487.48 s
 NC=  585000 T= 1.4192E-04 DT= 2.4259E-10 ERR=  0.0% DM/M= 0.0000E+00
 ELAPSED TIME=       2462.13 s  REMAINING TIME=     188379.33 s
 NC=  590000 T= 1.4313E-04 DT= 2.4259E-10 ERR=  0.0% DM/M= 0.0000E+00
 ELAPSED TIME=       2482.21 s  REMAINING TIME=     188284.96 s
 NC=  595000 T= 1.4434E-04 DT= 2.4259E-10 ERR=  0.0% DM/M= 0.0000E+00
 ELAPSED TIME=       2502.95 s  REMAINING TIME=     188241.51 s
 NC=  600000 T= 1.4555E-04 DT= 2.4259E-10 ERR=  0.0% DM/M= 0.0000E+00
 ELAPSED TIME=       2525.38 s  REMAINING TIME=     188324.95 s
 NC=  605000 T= 1.4677E-04 DT= 2.4259E-10 ERR=  0.0% DM/M= 0.0000E+00
 ELAPSED TIME=       2546.36 s  REMAINING TIME=     188298.87 s
 NC=  610000 T= 1.4798E-04 DT= 2.4259E-10 ERR=  0.0% DM/M= 0.0000E+00
 ELAPSED TIME=       2566.87 s  REMAINING TIME=     188238.48 s
 NC=  615000 T= 1.4919E-04 DT= 2.4259E-10 ERR=  0.0% DM/M= 0.0000E+00
 ELAPSED TIME=       2587.53 s  REMAINING TIME=     188190.26 s
 NC=  620000 T= 1.5041E-04 DT= 2.4259E-10 ERR=  0.0% DM/M= 0.0000E+00
 ELAPSED TIME=       2607.30 s  REMAINING TIME=     188077.96 s
 NC=  625000 T= 1.5162E-04 DT= 2.4259E-10 ERR=  0.0% DM/M= 0.0000E+00
 ELAPSED TIME=       2626.77 s  REMAINING TIME=     187945.23 s
 NC=  630000 T= 1.5283E-04 DT= 2.4259E-10 ERR=  0.0% DM/M= 0.0000E+00
 ELAPSED TIME=       2646.41 s  REMAINING TIME=     187826.45 s
 NC=  635000 T= 1.5405E-04 DT= 2.4259E-10 ERR=  0.0% DM/M= 0.0000E+00
 ELAPSED TIME=       2666.67 s  REMAINING TIME=     187753.12 s
 NC=  640000 T= 1.5526E-04 DT= 2.4259E-10 ERR=  0.0% DM/M= 0.0000E+00
 ELAPSED TIME=       2686.99 s  REMAINING TIME=     187685.07 s
 NC=  645000 T= 1.5647E-04 DT= 2.4259E-10 ERR=  0.0% DM/M= 0.0000E+00
 ELAPSED TIME=       2710.65 s  REMAINING TIME=     187849.14 s
 NC=  650000 T= 1.5768E-04 DT= 2.4259E-10 ERR=  0.0% DM/M= 0.0000E+00
 ELAPSED TIME=       2731.05 s  REMAINING TIME=     187785.86 s
 NC=  655000 T= 1.5890E-04 DT= 2.4259E-10 ERR=  0.0% DM/M= 0.0000E+00
 ELAPSED TIME=       2751.59 s  REMAINING TIME=     187733.21 s
 NC=  660000 T= 1.6011E-04 DT= 2.4259E-10 ERR=  0.0% DM/M= 0.0000E+00
 ELAPSED TIME=       2772.21 s  REMAINING TIME=     187686.09 s
 NC=  665000 T= 1.6132E-04 DT= 2.4259E-10 ERR=  0.0% DM/M= 0.0000E+00
 ELAPSED TIME=       2792.69 s  REMAINING TIME=     187629.65 s
 NC=  670000 T= 1.6254E-04 DT= 2.4259E-10 ERR=  0.0% DM/M= 0.0000E+00
 ELAPSED TIME=       2812.93 s  REMAINING TIME=     187557.97 s
 NC=  675000 T= 1.6375E-04 DT= 2.4259E-10 ERR=  0.0% DM/M= 0.0000E+00
 ELAPSED TIME=       2832.98 s  REMAINING TIME=     187474.97 s
 NC=  680000 T= 1.6496E-04 DT= 2.4259E-10 ERR=  0.0% DM/M= 0.0000E+00
 ELAPSED TIME=       2853.00 s  REMAINING TIME=     187390.47 s
 NC=  685000 T= 1.6618E-04 DT= 2.4259E-10 ERR=  0.0% DM/M= 0.0000E+00
 ELAPSED TIME=       2873.50 s  REMAINING TIME=     187338.44 s
 NC=  690000 T= 1.6739E-04 DT= 2.4259E-10 ERR=  0.0% DM/M= 0.0000E+00
 ELAPSED TIME=       2893.52 s  REMAINING TIME=     187255.56 s
 NC=  695000 T= 1.6860E-04 DT= 2.4259E-10 ERR=  0.0% DM/M= 0.0000E+00
 ELAPSED TIME=       2913.32 s  REMAINING TIME=     187159.91 s
 NC=  700000 T= 1.6981E-04 DT= 2.4259E-10 ERR=  0.0% DM/M= 0.0000E+00
 ELAPSED TIME=       2933.18 s  REMAINING TIME=     187068.55 s
 NC=  705000 T= 1.7103E-04 DT= 2.4259E-10 ERR=  0.0% DM/M= 0.0000E+00
 ELAPSED TIME=       2953.24 s  REMAINING TIME=     186991.37 s
 NC=  710000 T= 1.7224E-04 DT= 2.4259E-10 ERR=  0.0% DM/M= 0.0000E+00
 ELAPSED TIME=       2973.73 s  REMAINING TIME=     186941.59 s
 NC=  715000 T= 1.7345E-04 DT= 2.4259E-10 ERR=  0.0% DM/M= 0.0000E+00
 ELAPSED TIME=       2994.31 s  REMAINING TIME=     186898.21 s
 NC=  720000 T= 1.7467E-04 DT= 2.4259E-10 ERR=  0.0% DM/M= 0.0000E+00
 ELAPSED TIME=       3014.75 s  REMAINING TIME=     186846.08 s
 NC=  725000 T= 1.7588E-04 DT= 2.4259E-10 ERR=  0.0% DM/M= 0.0000E+00
 ELAPSED TIME=       3035.14 s  REMAINING TIME=     186791.86 s
 NC=  730000 T= 1.7709E-04 DT= 2.4259E-10 ERR=  0.0% DM/M= 0.0000E+00
 ELAPSED TIME=       3055.64 s  REMAINING TIME=     186744.75 s
 NC=  735000 T= 1.7830E-04 DT= 2.4259E-10 ERR=  0.0% DM/M= 0.0000E+00
 ELAPSED TIME=       3076.52 s  REMAINING TIME=     186720.47 s
 NC=  740000 T= 1.7952E-04 DT= 2.4259E-10 ERR=  0.0% DM/M= 0.0000E+00
 ELAPSED TIME=       3098.47 s  REMAINING TIME=     186760.92 s
 NC=  745000 T= 1.8073E-04 DT= 2.4259E-10 ERR=  0.0% DM/M= 0.0000E+00
 ELAPSED TIME=       3118.89 s  REMAINING TIME=     186709.55 s
 NC=  750000 T= 1.8194E-04 DT= 2.4259E-10 ERR=  0.0% DM/M= 0.0000E+00
 ELAPSED TIME=       3139.09 s  REMAINING TIME=     186644.93 s
 NC=  755000 T= 1.8316E-04 DT= 2.4259E-10 ERR=  0.0% DM/M= 0.0000E+00
 ELAPSED TIME=       3160.09 s  REMAINING TIME=     186628.59 s
 NC=  760000 T= 1.8437E-04 DT= 2.4259E-10 ERR=  0.0% DM/M= 0.0000E+00
 ELAPSED TIME=       3180.13 s  REMAINING TIME=     186555.40 s
 NC=  765000 T= 1.8558E-04 DT= 2.4259E-10 ERR=  0.0% DM/M= 0.0000E+00
 ELAPSED TIME=       3200.10 s  REMAINING TIME=     186478.67 s
 NC=  770000 T= 1.8680E-04 DT= 2.4259E-10 ERR=  0.0% DM/M= 0.0000E+00
 ELAPSED TIME=       3220.09 s  REMAINING TIME=     186404.44 s
 NC=  775000 T= 1.8801E-04 DT= 2.4259E-10 ERR=  0.0% DM/M= 0.0000E+00
 ELAPSED TIME=       3240.42 s  REMAINING TIME=     186350.44 s
 NC=  780000 T= 1.8922E-04 DT= 2.4259E-10 ERR=  0.0% DM/M= 0.0000E+00
 ELAPSED TIME=       3260.79 s  REMAINING TIME=     186298.89 s
 NC=  785000 T= 1.9043E-04 DT= 2.4259E-10 ERR=  0.0% DM/M= 0.0000E+00
 ELAPSED TIME=       3281.18 s  REMAINING TIME=     186248.76 s
 NC=  790000 T= 1.9165E-04 DT= 2.4259E-10 ERR=  0.0% DM/M= 0.0000E+00
 ELAPSED TIME=       3301.55 s  REMAINING TIME=     186198.03 s
 NC=  795000 T= 1.9286E-04 DT= 2.4259E-10 ERR=  0.0% DM/M= 0.0000E+00
 ELAPSED TIME=       3321.68 s  REMAINING TIME=     186134.12 s
 NC=  800000 T= 1.9407E-04 DT= 2.4259E-10 ERR=  0.0% DM/M= 0.0000E+00
 ELAPSED TIME=       3342.10 s  REMAINING TIME=     186087.00 s
 NC=  805000 T= 1.9529E-04 DT= 2.4259E-10 ERR=  0.0% DM/M= 0.0000E+00
 ELAPSED TIME=       3362.35 s  REMAINING TIME=     186030.64 s
 NC=  810000 T= 1.9650E-04 DT= 2.4259E-10 ERR=  0.0% DM/M= 0.0000E+00
 ELAPSED TIME=       3382.16 s  REMAINING TIME=     185950.91 s
 NC=  815000 T= 1.9771E-04 DT= 2.4259E-10 ERR=  0.0% DM/M= 0.0000E+00
 ELAPSED TIME=       3403.88 s  REMAINING TIME=     185975.72 s
 NC=  820000 T= 1.9893E-04 DT= 2.4259E-10 ERR=  0.0% DM/M= 0.0000E+00
 ELAPSED TIME=       3425.50 s  REMAINING TIME=     185994.91 s
 NC=  825000 T= 2.0014E-04 DT= 2.4259E-10 ERR=  0.0% DM/M= 0.0000E+00
 ELAPSED TIME=       3446.41 s  REMAINING TIME=     185975.26 s
 NC=  830000 T= 2.0135E-04 DT= 2.4259E-10 ERR=  0.0% DM/M= 0.0000E+00
 ELAPSED TIME=       3466.96 s  REMAINING TIME=     185936.58 s
 NC=  835000 T= 2.0256E-04 DT= 2.4259E-10 ERR=  0.0% DM/M= 0.0000E+00
 ELAPSED TIME=       3487.61 s  REMAINING TIME=     185903.07 s
 NC=  840000 T= 2.0378E-04 DT= 2.4259E-10 ERR=  0.0% DM/M= 0.0000E+00
 ELAPSED TIME=       3507.70 s  REMAINING TIME=     185840.15 s
 NC=  845000 T= 2.0499E-04 DT= 2.4259E-10 ERR=  0.0% DM/M= 0.0000E+00
 ELAPSED TIME=       3528.15 s  REMAINING TIME=     185796.69 s
 NC=  850000 T= 2.0620E-04 DT= 2.4259E-10 ERR=  0.0% DM/M= 0.0000E+00
 ELAPSED TIME=       3547.99 s  REMAINING TIME=     185721.56 s
 NC=  855000 T= 2.0742E-04 DT= 2.4259E-10 ERR=  0.0% DM/M= 0.0000E+00
 ELAPSED TIME=       3568.03 s  REMAINING TIME=     185657.15 s
 NC=  860000 T= 2.0863E-04 DT= 2.4259E-10 ERR=  0.0% DM/M= 0.0000E+00
 ELAPSED TIME=       3587.97 s  REMAINING TIME=     185588.77 s
 NC=  865000 T= 2.0984E-04 DT= 2.4259E-10 ERR=  0.0% DM/M= 0.0000E+00
 ELAPSED TIME=       3608.37 s  REMAINING TIME=     185544.39 s
 NC=  870000 T= 2.1105E-04 DT= 2.4259E-10 ERR=  0.0% DM/M= 0.0000E+00
 ELAPSED TIME=       3628.20 s  REMAINING TIME=     185470.66 s
 NC=  875000 T= 2.1227E-04 DT= 2.4259E-10 ERR=  0.0% DM/M= 0.0000E+00
 ELAPSED TIME=       3648.42 s  REMAINING TIME=     185417.63 s
 NC=  880000 T= 2.1348E-04 DT= 2.4259E-10 ERR=  0.0% DM/M= 0.0000E+00
 ELAPSED TIME=       3668.52 s  REMAINING TIME=     185359.36 s
 NC=  885000 T= 2.1469E-04 DT= 2.4259E-10 ERR=  0.0% DM/M= 0.0000E+00
 ELAPSED TIME=       3687.89 s  REMAINING TIME=     185264.31 s
 NC=  890000 T= 2.1591E-04 DT= 2.4259E-10 ERR=  0.0% DM/M= 0.0000E+00
 ELAPSED TIME=       3708.72 s  REMAINING TIME=     185243.12 s
 NC=  895000 T= 2.1712E-04 DT= 2.4259E-10 ERR=  0.0% DM/M= 0.0000E+00
 ELAPSED TIME=       3729.91 s  REMAINING TIME=     185239.78 s
 NC=  900000 T= 2.1833E-04 DT= 2.4259E-10 ERR=  0.0% DM/M= 0.0000E+00
 ELAPSED TIME=       3751.78 s  REMAINING TIME=     185270.03 s
 NC=  905000 T= 2.1955E-04 DT= 2.4259E-10 ERR=  0.0% DM/M= 0.0000E+00
 ELAPSED TIME=       3772.25 s  REMAINING TIME=     185230.85 s
 NC=  910000 T= 2.2076E-04 DT= 2.4259E-10 ERR=  0.0% DM/M= 0.0000E+00
 ELAPSED TIME=       3792.46 s  REMAINING TIME=     185179.19 s
 NC=  915000 T= 2.2197E-04 DT= 2.4259E-10 ERR=  0.0% DM/M= 0.0000E+00
 ELAPSED TIME=       3812.51 s  REMAINING TIME=     185120.00 s
 NC=  920000 T= 2.2318E-04 DT= 2.4259E-10 ERR=  0.0% DM/M= 0.0000E+00
 ELAPSED TIME=       3833.04 s  REMAINING TIME=     185084.55 s
 NC=  925000 T= 2.2440E-04 DT= 2.4259E-10 ERR=  0.0% DM/M= 0.0000E+00
 ELAPSED TIME=       3853.41 s  REMAINING TIME=     185041.67 s
 NC=  930000 T= 2.2561E-04 DT= 2.4259E-10 ERR=  0.0% DM/M= 0.0000E+00
 ELAPSED TIME=       3873.91 s  REMAINING TIME=     185005.16 s
 NC=  935000 T= 2.2682E-04 DT= 2.4259E-10 ERR=  0.0% DM/M= 0.0000E+00
 ELAPSED TIME=       3893.69 s  REMAINING TIME=     184934.54 s
 NC=  940000 T= 2.2804E-04 DT= 2.4259E-10 ERR=  0.0% DM/M= 0.0000E+00
 ELAPSED TIME=       3913.65 s  REMAINING TIME=     184872.86 s
 NC=  945000 T= 2.2925E-04 DT= 2.4259E-10 ERR=  0.0% DM/M= 0.0000E+00
 ELAPSED TIME=       3933.58 s  REMAINING TIME=     184810.33 s
 NC=  950000 T= 2.3046E-04 DT= 2.4259E-10 ERR=  0.0% DM/M= 0.0000E+00
 ELAPSED TIME=       3953.58 s  REMAINING TIME=     184751.82 s
 NC=  955000 T= 2.3167E-04 DT= 2.4259E-10 ERR=  0.0% DM/M= 0.0000E+00
 ELAPSED TIME=       3973.66 s  REMAINING TIME=     184696.95 s
 NC=  960000 T= 2.3289E-04 DT= 2.4259E-10 ERR=  0.0% DM/M= 0.0000E+00
 ELAPSED TIME=       3993.57 s  REMAINING TIME=     184634.86 s
 NC=  965000 T= 2.3410E-04 DT= 2.4259E-10 ERR=  0.0% DM/M= 0.0000E+00
 ELAPSED TIME=       4013.30 s  REMAINING TIME=     184564.82 s
 NC=  970000 T= 2.3531E-04 DT= 2.4259E-10 ERR=  0.0% DM/M= 0.0000E+00
 ELAPSED TIME=       4033.75 s  REMAINING TIME=     184528.34 s
 NC=  975000 T= 2.3653E-04 DT= 2.4259E-10 ERR=  0.0% DM/M= 0.0000E+00
 ELAPSED TIME=       4054.25 s  REMAINING TIME=     184494.36 s
 NC=  980000 T= 2.3774E-04 DT= 2.4259E-10 ERR=  0.0% DM/M= 0.0000E+00
 ELAPSED TIME=       4077.07 s  REMAINING TIME=     184565.09 s
 NC=  985000 T= 2.3895E-04 DT= 2.4259E-10 ERR=  0.0% DM/M= 0.0000E+00
 ELAPSED TIME=       4097.88 s  REMAINING TIME=     184545.01 s
 NC=  990000 T= 2.4017E-04 DT= 2.4259E-10 ERR=  0.0% DM/M= 0.0000E+00
 ELAPSED TIME=       4119.17 s  REMAINING TIME=     184546.09 s
 NC=  995000 T= 2.4138E-04 DT= 2.4259E-10 ERR=  0.0% DM/M= 0.0000E+00
 ELAPSED TIME=       4139.36 s  REMAINING TIME=     184497.82 s
 NC= 1000000 T= 2.4259E-04 DT= 2.4259E-10 ERR=  0.0% DM/M= 0.0000E+00
 ELAPSED TIME=       4159.72 s  REMAINING TIME=     184457.45 s
 NC= 1005000 T= 2.4380E-04 DT= 2.4259E-10 ERR=  0.0% DM/M= 0.0000E+00
 ELAPSED TIME=       4180.38 s  REMAINING TIME=     184430.48 s
 NC= 1010000 T= 2.4502E-04 DT= 2.4259E-10 ERR=  0.0% DM/M= 0.0000E+00
 ELAPSED TIME=       4200.36 s  REMAINING TIME=     184373.70 s
 NC= 1015000 T= 2.4623E-04 DT= 2.4259E-10 ERR=  0.0% DM/M= 0.0000E+00
 ELAPSED TIME=       4220.74 s  REMAINING TIME=     184334.96 s
 NC= 1020000 T= 2.4744E-04 DT= 2.4259E-10 ERR=  0.0% DM/M= 0.0000E+00
 ELAPSED TIME=       4240.73 s  REMAINING TIME=     184279.35 s
 NC= 1025000 T= 2.4866E-04 DT= 2.4259E-10 ERR=  0.0% DM/M= 0.0000E+00
 ELAPSED TIME=       4260.06 s  REMAINING TIME=     184195.42 s
 NC= 1030000 T= 2.4987E-04 DT= 2.4259E-10 ERR=  0.0% DM/M= 0.0000E+00
 ELAPSED TIME=       4279.87 s  REMAINING TIME=     184132.99 s
 NC= 1035000 T= 2.5108E-04 DT= 2.4259E-10 ERR=  0.0% DM/M= 0.0000E+00
 ELAPSED TIME=       4299.62 s  REMAINING TIME=     184068.24 s
 NC= 1040000 T= 2.5230E-04 DT= 2.4259E-10 ERR=  0.0% DM/M= 0.0000E+00
 ELAPSED TIME=       4320.21 s  REMAINING TIME=     184039.67 s
 NC= 1045000 T= 2.5351E-04 DT= 2.4259E-10 ERR=  0.0% DM/M= 0.0000E+00
 ELAPSED TIME=       4340.36 s  REMAINING TIME=     183992.52 s
 NC= 1050000 T= 2.5472E-04 DT= 2.4259E-10 ERR=  0.0% DM/M= 0.0000E+00
 ELAPSED TIME=       4360.31 s  REMAINING TIME=     183937.38 s
 NC= 1055000 T= 2.5593E-04 DT= 2.4259E-10 ERR=  0.0% DM/M= 0.0000E+00
 ELAPSED TIME=       4380.36 s  REMAINING TIME=     183886.77 s
 NC= 1060000 T= 2.5715E-04 DT= 2.4259E-10 ERR=  0.0% DM/M= 0.0000E+00
 ELAPSED TIME=       4401.13 s  REMAINING TIME=     183866.50 s
 NC= 1065000 T= 2.5836E-04 DT= 2.4259E-10 ERR=  0.0% DM/M= 0.0000E+00
 ELAPSED TIME=       4422.83 s  REMAINING TIME=     183884.64 s
 NC= 1070000 T= 2.5957E-04 DT= 2.4259E-10 ERR=  0.0% DM/M= 0.0000E+00
 ELAPSED TIME=       4443.07 s  REMAINING TIME=     183842.40 s
 NC= 1075000 T= 2.6079E-04 DT= 2.4259E-10 ERR=  0.0% DM/M= 0.0000E+00
 ELAPSED TIME=       4463.52 s  REMAINING TIME=     183808.71 s
 NC= 1080000 T= 2.6200E-04 DT= 2.4259E-10 ERR=  0.0% DM/M= 0.0000E+00
 ELAPSED TIME=       4484.27 s  REMAINING TIME=     183787.44 s
 NC= 1085000 T= 2.6321E-04 DT= 2.4259E-10 ERR=  0.0% DM/M= 0.0000E+00
 ELAPSED TIME=       4504.27 s  REMAINING TIME=     183735.50 s
 NC= 1090000 T= 2.6442E-04 DT= 2.4259E-10 ERR=  0.0% DM/M= 0.0000E+00
 ELAPSED TIME=       4525.13 s  REMAINING TIME=     183718.93 s
 NC= 1095000 T= 2.6564E-04 DT= 2.4259E-10 ERR=  0.0% DM/M= 0.0000E+00
 ELAPSED TIME=       4545.06 s  REMAINING TIME=     183664.99 s
 NC= 1100000 T= 2.6685E-04 DT= 2.4259E-10 ERR=  0.0% DM/M= 0.0000E+00
 ELAPSED TIME=       4565.30 s  REMAINING TIME=     183623.51 s
 NC= 1105000 T= 2.6806E-04 DT= 2.4259E-10 ERR=  0.0% DM/M= 0.0000E+00
 ELAPSED TIME=       4585.11 s  REMAINING TIME=     183565.00 s
 NC= 1110000 T= 2.6928E-04 DT= 2.4259E-10 ERR=  0.0% DM/M= 0.0000E+00
 ELAPSED TIME=       4604.94 s  REMAINING TIME=     183507.61 s
 NC= 1115000 T= 2.7049E-04 DT= 2.4259E-10 ERR=  0.0% DM/M= 0.0000E+00
 ELAPSED TIME=       4625.21 s  REMAINING TIME=     183468.10 s
 NC= 1120000 T= 2.7170E-04 DT= 2.4259E-10 ERR=  0.0% DM/M= 0.0000E+00
 ELAPSED TIME=       4645.47 s  REMAINING TIME=     183428.49 s
 NC= 1125000 T= 2.7292E-04 DT= 2.4259E-10 ERR=  0.0% DM/M= 0.0000E+00
 ELAPSED TIME=       4665.27 s  REMAINING TIME=     183370.79 s
 NC= 1130000 T= 2.7413E-04 DT= 2.4259E-10 ERR=  0.0% DM/M= 0.0000E+00
 ELAPSED TIME=       4685.30 s  REMAINING TIME=     183322.45 s
 NC= 1135000 T= 2.7534E-04 DT= 2.4259E-10 ERR=  0.0% DM/M= 0.0000E+00
 ELAPSED TIME=       4705.47 s  REMAINING TIME=     183279.96 s
 NC= 1140000 T= 2.7655E-04 DT= 2.4259E-10 ERR=  0.0% DM/M= 0.0000E+00
 ELAPSED TIME=       4726.44 s  REMAINING TIME=     183268.64 s
 NC= 1145000 T= 2.7777E-04 DT= 2.4259E-10 ERR=  0.0% DM/M= 0.0000E+00
 ELAPSED TIME=       4748.83 s  REMAINING TIME=     183312.06 s
 NC= 1150000 T= 2.7898E-04 DT= 2.4259E-10 ERR=  0.0% DM/M= 0.0000E+00
 ELAPSED TIME=       4769.85 s  REMAINING TIME=     183301.95 s
 NC= 1155000 T= 2.8019E-04 DT= 2.4259E-10 ERR=  0.0% DM/M= 0.0000E+00
 ELAPSED TIME=       4790.05 s  REMAINING TIME=     183260.73 s
 NC= 1160000 T= 2.8141E-04 DT= 2.4259E-10 ERR=  0.0% DM/M= 0.0000E+00
 ELAPSED TIME=       4811.02 s  REMAINING TIME=     183248.89 s
 NC= 1165000 T= 2.8262E-04 DT= 2.4259E-10 ERR=  0.0% DM/M= 0.0000E+00
 ELAPSED TIME=       4834.44 s  REMAINING TIME=     183330.05 s
 NC= 1170000 T= 2.8383E-04 DT= 2.4259E-10 ERR=  0.0% DM/M= 0.0000E+00
 ELAPSED TIME=       4854.48 s  REMAINING TIME=     183282.25 s
 NC= 1175000 T= 2.8504E-04 DT= 2.4259E-10 ERR=  0.0% DM/M= 0.0000E+00
 ELAPSED TIME=       4875.63 s  REMAINING TIME=     183276.71 s
 NC= 1180000 T= 2.8626E-04 DT= 2.4259E-10 ERR=  0.0% DM/M= 0.0000E+00
 ELAPSED TIME=       4896.41 s  REMAINING TIME=     183257.20 s
 NC= 1185000 T= 2.8747E-04 DT= 2.4259E-10 ERR=  0.0% DM/M= 0.0000E+00
 ELAPSED TIME=       4916.45 s  REMAINING TIME=     183210.29 s
 NC= 1190000 T= 2.8868E-04 DT= 2.4259E-10 ERR=  0.0% DM/M= 0.0000E+00
 ELAPSED TIME=       4936.07 s  REMAINING TIME=     183147.82 s
 NC= 1195000 T= 2.8990E-04 DT= 2.4259E-10 ERR=  0.0% DM/M= 0.0000E+00
 ELAPSED TIME=       4957.01 s  REMAINING TIME=     183134.46 s
 NC= 1200000 T= 2.9111E-04 DT= 2.4259E-10 ERR=  0.0% DM/M= 0.0000E+00
 ELAPSED TIME=       4977.27 s  REMAINING TIME=     183095.92 s
 NC= 1205000 T= 2.9232E-04 DT= 2.4259E-10 ERR=  0.0% DM/M= 0.0000E+00
 ELAPSED TIME=       4997.17 s  REMAINING TIME=     183044.41 s
 NC= 1210000 T= 2.9354E-04 DT= 2.4259E-10 ERR=  0.0% DM/M= 0.0000E+00
 ELAPSED TIME=       5017.58 s  REMAINING TIME=     183012.07 s
 NC= 1215000 T= 2.9475E-04 DT= 2.4259E-10 ERR=  0.0% DM/M= 0.0000E+00
 ELAPSED TIME=       5037.81 s  REMAINING TIME=     182972.87 s
 NC= 1220000 T= 2.9596E-04 DT= 2.4259E-10 ERR=  0.0% DM/M= 0.0000E+00
 ELAPSED TIME=       5057.85 s  REMAINING TIME=     182927.35 s
 NC= 1225000 T= 2.9717E-04 DT= 2.4259E-10 ERR=  0.0% DM/M= 0.0000E+00
 ELAPSED TIME=       5077.85 s  REMAINING TIME=     182880.06 s
 NC= 1230000 T= 2.9839E-04 DT= 2.4259E-10 ERR=  0.0% DM/M= 0.0000E+00
 ELAPSED TIME=       5097.63 s  REMAINING TIME=     182825.68 s
 NC= 1235000 T= 2.9960E-04 DT= 2.4259E-10 ERR=  0.0% DM/M= 0.0000E+00
 ELAPSED TIME=       5118.62 s  REMAINING TIME=     182814.35 s
 NC= 1240000 T= 3.0081E-04 DT= 2.4259E-10 ERR=  0.0% DM/M= 0.0000E+00
 ELAPSED TIME=       5138.62 s  REMAINING TIME=     182767.97 s
 NC= 1245000 T= 3.0203E-04 DT= 2.4259E-10 ERR=  0.0% DM/M= 0.0000E+00
 ELAPSED TIME=       5157.99 s  REMAINING TIME=     182699.32 s
 NC= 1250000 T= 3.0324E-04 DT= 2.4259E-10 ERR=  0.0% DM/M= 0.0000E+00
 ELAPSED TIME=       5180.18 s  REMAINING TIME=     182730.79 s
 NC= 1255000 T= 3.0445E-04 DT= 2.4259E-10 ERR=  0.0% DM/M= 0.0000E+00
 ELAPSED TIME=       5200.98 s  REMAINING TIME=     182712.84 s
 NC= 1260000 T= 3.0567E-04 DT= 2.4259E-10 ERR=  0.0% DM/M= 0.0000E+00
 ELAPSED TIME=       5220.99 s  REMAINING TIME=     182667.02 s
 NC= 1265000 T= 3.0688E-04 DT= 2.4259E-10 ERR=  0.0% DM/M= 0.0000E+00
 ELAPSED TIME=       5241.64 s  REMAINING TIME=     182643.98 s
 NC= 1270000 T= 3.0809E-04 DT= 2.4259E-10 ERR=  0.0% DM/M= 0.0000E+00
 ELAPSED TIME=       5262.29 s  REMAINING TIME=     182620.91 s
 NC= 1275000 T= 3.0930E-04 DT= 2.4259E-10 ERR=  0.0% DM/M= 0.0000E+00
 ELAPSED TIME=       5282.07 s  REMAINING TIME=     182567.98 s
 NC= 1280000 T= 3.1052E-04 DT= 2.4259E-10 ERR=  0.0% DM/M= 0.0000E+00
 ELAPSED TIME=       5302.53 s  REMAINING TIME=     182538.47 s
 NC= 1285000 T= 3.1173E-04 DT= 2.4259E-10 ERR=  0.0% DM/M= 0.0000E+00
 ELAPSED TIME=       5323.00 s  REMAINING TIME=     182509.42 s
 NC= 1290000 T= 3.1294E-04 DT= 2.4259E-10 ERR=  0.0% DM/M= 0.0000E+00
 ELAPSED TIME=       5343.07 s  REMAINING TIME=     182466.65 s
 NC= 1295000 T= 3.1416E-04 DT= 2.4259E-10 ERR=  0.0% DM/M= 0.0000E+00
 ELAPSED TIME=       5363.44 s  REMAINING TIME=     182434.47 s
 NC= 1300000 T= 3.1537E-04 DT= 2.4259E-10 ERR=  0.0% DM/M= 0.0000E+00
 ELAPSED TIME=       5383.57 s  REMAINING TIME=     182394.15 s
 NC= 1305000 T= 3.1658E-04 DT= 2.4259E-10 ERR=  0.0% DM/M= 0.0000E+00
 ELAPSED TIME=       5403.52 s  REMAINING TIME=     182347.81 s
 NC= 1310000 T= 3.1779E-04 DT= 2.4259E-10 ERR=  0.0% DM/M= 0.0000E+00
 ELAPSED TIME=       5423.76 s  REMAINING TIME=     182311.56 s
 NC= 1315000 T= 3.1901E-04 DT= 2.4259E-10 ERR=  0.0% DM/M= 0.0000E+00
 ELAPSED TIME=       5443.82 s  REMAINING TIME=     182269.48 s
 NC= 1320000 T= 3.2022E-04 DT= 2.4259E-10 ERR=  0.0% DM/M= 0.0000E+00
 ELAPSED TIME=       5464.05 s  REMAINING TIME=     182233.26 s
 NC= 1325000 T= 3.2143E-04 DT= 2.4259E-10 ERR=  0.0% DM/M= 0.0000E+00
 ELAPSED TIME=       5484.47 s  REMAINING TIME=     182203.14 s
 NC= 1330000 T= 3.2265E-04 DT= 2.4259E-10 ERR=  0.0% DM/M= 0.0000E+00
 ELAPSED TIME=       5505.27 s  REMAINING TIME=     182185.93 s
 NC= 1335000 T= 3.2386E-04 DT= 2.4259E-10 ERR=  0.0% DM/M= 0.0000E+00
 ELAPSED TIME=       5525.56 s  REMAINING TIME=     182152.03 s
 NC= 1340000 T= 3.2507E-04 DT= 2.4259E-10 ERR=  0.0% DM/M= 0.0000E+00
 ELAPSED TIME=       5547.43 s  REMAINING TIME=     182169.91 s
 NC= 1345000 T= 3.2629E-04 DT= 2.4259E-10 ERR=  0.0% DM/M= 0.0000E+00
 ELAPSED TIME=       5569.27 s  REMAINING TIME=     182186.55 s
 NC= 1350000 T= 3.2750E-04 DT= 2.4259E-10 ERR=  0.0% DM/M= 0.0000E+00
 ELAPSED TIME=       5589.52 s  REMAINING TIME=     182150.99 s
 NC= 1355000 T= 3.2871E-04 DT= 2.4259E-10 ERR=  0.0% DM/M= 0.0000E+00
 ELAPSED TIME=       5609.60 s  REMAINING TIME=     182110.01 s
 NC= 1360000 T= 3.2992E-04 DT= 2.4259E-10 ERR=  0.0% DM/M= 0.0000E+00
 ELAPSED TIME=       5630.15 s  REMAINING TIME=     182084.67 s
 NC= 1365000 T= 3.3114E-04 DT= 2.4259E-10 ERR=  0.0% DM/M= 0.0000E+00
 ELAPSED TIME=       5651.05 s  REMAINING TIME=     182070.40 s
 NC= 1370000 T= 3.3235E-04 DT= 2.4259E-10 ERR=  0.0% DM/M= 0.0000E+00
 ELAPSED TIME=       5670.67 s  REMAINING TIME=     182014.97 s
 NC= 1375000 T= 3.3356E-04 DT= 2.4259E-10 ERR=  0.0% DM/M= 0.0000E+00
 ELAPSED TIME=       5690.33 s  REMAINING TIME=     181961.01 s
 NC= 1380000 T= 3.3478E-04 DT= 2.4259E-10 ERR=  0.0% DM/M= 0.0000E+00
 ELAPSED TIME=       5710.63 s  REMAINING TIME=     181927.77 s
 NC= 1385000 T= 3.3599E-04 DT= 2.4259E-10 ERR=  0.0% DM/M= 0.0000E+00
 ELAPSED TIME=       5731.22 s  REMAINING TIME=     181904.12 s
 NC= 1390000 T= 3.3720E-04 DT= 2.4259E-10 ERR=  0.0% DM/M= 0.0000E+00
 ELAPSED TIME=       5751.61 s  REMAINING TIME=     181873.80 s
 NC= 1395000 T= 3.3842E-04 DT= 2.4259E-10 ERR=  0.0% DM/M= 0.0000E+00
 ELAPSED TIME=       5772.15 s  REMAINING TIME=     181848.37 s
 NC= 1400000 T= 3.3963E-04 DT= 2.4259E-10 ERR=  0.0% DM/M= 0.0000E+00
 ELAPSED TIME=       5792.47 s  REMAINING TIME=     181816.23 s
 NC= 1405000 T= 3.4084E-04 DT= 2.4259E-10 ERR=  0.0% DM/M= 0.0000E+00
 ELAPSED TIME=       5813.19 s  REMAINING TIME=     181796.56 s
 NC= 1410000 T= 3.4205E-04 DT= 2.4259E-10 ERR=  0.0% DM/M= 0.0000E+00
 ELAPSED TIME=       5833.32 s  REMAINING TIME=     181758.34 s
 NC= 1415000 T= 3.4327E-04 DT= 2.4259E-10 ERR=  0.0% DM/M= 0.0000E+00
 ELAPSED TIME=       5854.46 s  REMAINING TIME=     181751.91 s
 NC= 1420000 T= 3.4448E-04 DT= 2.4259E-10 ERR=  0.0% DM/M= 0.0000E+00
 ELAPSED TIME=       5876.44 s  REMAINING TIME=     181771.13 s
 NC= 1425000 T= 3.4569E-04 DT= 2.4259E-10 ERR=  0.0% DM/M= 0.0000E+00
 ELAPSED TIME=       5897.96 s  REMAINING TIME=     181775.98 s
 NC= 1430000 T= 3.4691E-04 DT= 2.4259E-10 ERR=  0.0% DM/M= 0.0000E+00
 ELAPSED TIME=       5917.97 s  REMAINING TIME=     181734.23 s
 NC= 1435000 T= 3.4812E-04 DT= 2.4259E-10 ERR=  0.0% DM/M= 0.0000E+00
 ELAPSED TIME=       5937.63 s  REMAINING TIME=     181682.00 s
 NC= 1440000 T= 3.4933E-04 DT= 2.4259E-10 ERR=  0.0% DM/M= 0.0000E+00
 ELAPSED TIME=       5957.38 s  REMAINING TIME=     181632.85 s
 NC= 1445000 T= 3.5054E-04 DT= 2.4259E-10 ERR=  0.0% DM/M= 0.0000E+00
 ELAPSED TIME=       5977.51 s  REMAINING TIME=     181595.29 s
 NC= 1450000 T= 3.5176E-04 DT= 2.4259E-10 ERR=  0.0% DM/M= 0.0000E+00
 ELAPSED TIME=       5997.47 s  REMAINING TIME=     181552.72 s
 NC= 1455000 T= 3.5297E-04 DT= 2.4259E-10 ERR=  0.0% DM/M= 0.0000E+00
 ELAPSED TIME=       6017.77 s  REMAINING TIME=     181520.42 s
 NC= 1460000 T= 3.5418E-04 DT= 2.4259E-10 ERR=  0.0% DM/M= 0.0000E+00
 ELAPSED TIME=       6038.04 s  REMAINING TIME=     181487.40 s
 NC= 1465000 T= 3.5540E-04 DT= 2.4259E-10 ERR=  0.0% DM/M= 0.0000E+00
 ELAPSED TIME=       6058.32 s  REMAINING TIME=     181454.88 s
 NC= 1470000 T= 3.5661E-04 DT= 2.4259E-10 ERR=  0.0% DM/M= 0.0000E+00
 ELAPSED TIME=       6078.27 s  REMAINING TIME=     181412.39 s
 NC= 1475000 T= 3.5782E-04 DT= 2.4259E-10 ERR=  0.0% DM/M= 0.0000E+00
 ELAPSED TIME=       6097.84 s  REMAINING TIME=     181358.97 s
 NC= 1480000 T= 3.5904E-04 DT= 2.4259E-10 ERR=  0.0% DM/M= 0.0000E+00
 ELAPSED TIME=       6117.60 s  REMAINING TIME=     181311.41 s
 NC= 1485000 T= 3.6025E-04 DT= 2.4259E-10 ERR=  0.0% DM/M= 0.0000E+00
 ELAPSED TIME=       6138.48 s  REMAINING TIME=     181296.81 s
 NC= 1490000 T= 3.6146E-04 DT= 2.4259E-10 ERR=  0.0% DM/M= 0.0000E+00
 ELAPSED TIME=       6158.78 s  REMAINING TIME=     181265.40 s
 NC= 1495000 T= 3.6267E-04 DT= 2.4259E-10 ERR=  0.0% DM/M= 0.0000E+00
 ELAPSED TIME=       6178.84 s  REMAINING TIME=     181227.04 s
 NC= 1500000 T= 3.6389E-04 DT= 2.4259E-10 ERR=  0.0% DM/M= 0.0000E+00
 ELAPSED TIME=       6200.14 s  REMAINING TIME=     181224.66 s
 NC= 1505000 T= 3.6510E-04 DT= 2.4259E-10 ERR=  0.0% DM/M= 0.0000E+00
 ELAPSED TIME=       6221.09 s  REMAINING TIME=     181212.38 s
 NC= 1510000 T= 3.6631E-04 DT= 2.4259E-10 ERR=  0.0% DM/M= 0.0000E+00
 ELAPSED TIME=       6240.87 s  REMAINING TIME=     181165.85 s
 NC= 1515000 T= 3.6753E-04 DT= 2.4259E-10 ERR=  0.0% DM/M= 0.0000E+00
 ELAPSED TIME=       6260.68 s  REMAINING TIME=     181120.55 s
 NC= 1520000 T= 3.6874E-04 DT= 2.4259E-10 ERR=  0.0% DM/M= 0.0000E+00
 ELAPSED TIME=       6281.19 s  REMAINING TIME=     181095.34 s
 NC= 1525000 T= 3.6995E-04 DT= 2.4259E-10 ERR=  0.0% DM/M= 0.0000E+00
 ELAPSED TIME=       6301.52 s  REMAINING TIME=     181065.41 s
 NC= 1530000 T= 3.7116E-04 DT= 2.4259E-10 ERR=  0.0% DM/M= 0.0000E+00
 ELAPSED TIME=       6321.71 s  REMAINING TIME=     181031.17 s
 NC= 1535000 T= 3.7238E-04 DT= 2.4259E-10 ERR=  0.0% DM/M= 0.0000E+00
 ELAPSED TIME=       6342.18 s  REMAINING TIME=     181005.14 s
 NC= 1540000 T= 3.7359E-04 DT= 2.4259E-10 ERR=  0.0% DM/M= 0.0000E+00
 ELAPSED TIME=       6362.09 s  REMAINING TIME=     180963.19 s
 NC= 1545000 T= 3.7480E-04 DT= 2.4259E-10 ERR=  0.0% DM/M= 0.0000E+00
 ELAPSED TIME=       6382.60 s  REMAINING TIME=     180938.37 s
 NC= 1550000 T= 3.7602E-04 DT= 2.4259E-10 ERR=  0.0% DM/M= 0.0000E+00
 ELAPSED TIME=       6402.10 s  REMAINING TIME=     180884.88 s
 NC= 1555000 T= 3.7723E-04 DT= 2.4259E-10 ERR=  0.0% DM/M= 0.0000E+00
 ELAPSED TIME=       6421.72 s  REMAINING TIME=     180835.37 s
 NC= 1560000 T= 3.7844E-04 DT= 2.4259E-10 ERR=  0.0% DM/M= 0.0000E+00
 ELAPSED TIME=       6442.01 s  REMAINING TIME=     180804.71 s
 NC= 1565000 T= 3.7966E-04 DT= 2.4259E-10 ERR=  0.0% DM/M= 0.0000E+00
 ELAPSED TIME=       6462.54 s  REMAINING TIME=     180780.57 s
 NC= 1570000 T= 3.8087E-04 DT= 2.4259E-10 ERR=  0.0% DM/M= 0.0000E+00
 ELAPSED TIME=       6482.57 s  REMAINING TIME=     180742.72 s
 NC= 1575000 T= 3.8208E-04 DT= 2.4259E-10 ERR=  0.0% DM/M= 0.0000E+00
 ELAPSED TIME=       6503.34 s  REMAINING TIME=     180725.73 s
 NC= 1580000 T= 3.8329E-04 DT= 2.4259E-10 ERR=  0.0% DM/M= 0.0000E+00
 ELAPSED TIME=       6524.02 s  REMAINING TIME=     180705.82 s
 NC= 1585000 T= 3.8451E-04 DT= 2.4259E-10 ERR=  0.0% DM/M= 0.0000E+00
 ELAPSED TIME=       6546.23 s  REMAINING TIME=     180728.55 s
 NC= 1590000 T= 3.8572E-04 DT= 2.4259E-10 ERR=  0.0% DM/M= 0.0000E+00
 ELAPSED TIME=       6566.06 s  REMAINING TIME=     180685.26 s
 NC= 1595000 T= 3.8693E-04 DT= 2.4259E-10 ERR=  0.0% DM/M= 0.0000E+00
 ELAPSED TIME=       6585.62 s  REMAINING TIME=     180634.83 s
 NC= 1600000 T= 3.8815E-04 DT= 2.4259E-10 ERR=  0.0% DM/M= 0.0000E+00
 ELAPSED TIME=       6605.77 s  REMAINING TIME=     180600.46 s
 NC= 1605000 T= 3.8936E-04 DT= 2.4259E-10 ERR=  0.0% DM/M= 0.0000E+00
 ELAPSED TIME=       6626.18 s  REMAINING TIME=     180573.60 s
 NC= 1610000 T= 3.9057E-04 DT= 2.4259E-10 ERR=  0.0% DM/M= 0.0000E+00
 ELAPSED TIME=       6646.06 s  REMAINING TIME=     180532.25 s
 NC= 1615000 T= 3.9179E-04 DT= 2.4259E-10 ERR=  0.0% DM/M= 0.0000E+00
 ELAPSED TIME=       6666.16 s  REMAINING TIME=     180496.97 s
 NC= 1620000 T= 3.9300E-04 DT= 2.4259E-10 ERR=  0.0% DM/M= 0.0000E+00
 ELAPSED TIME=       6686.97 s  REMAINING TIME=     180481.04 s
 NC= 1625000 T= 3.9421E-04 DT= 2.4259E-10 ERR=  0.0% DM/M= 0.0000E+00
 ELAPSED TIME=       6706.39 s  REMAINING TIME=     180427.45 s
 NC= 1630000 T= 3.9542E-04 DT= 2.4259E-10 ERR=  0.0% DM/M= 0.0000E+00
 ELAPSED TIME=       6726.29 s  REMAINING TIME=     180387.21 s
 NC= 1635000 T= 3.9664E-04 DT= 2.4259E-10 ERR=  0.0% DM/M= 0.0000E+00
 ELAPSED TIME=       6746.49 s  REMAINING TIME=     180354.89 s
 NC= 1640000 T= 3.9785E-04 DT= 2.4259E-10 ERR=  0.0% DM/M= 0.0000E+00
 ELAPSED TIME=       6766.87 s  REMAINING TIME=     180327.77 s
 NC= 1645000 T= 3.9906E-04 DT= 2.4259E-10 ERR=  0.0% DM/M= 0.0000E+00
 ELAPSED TIME=       6787.14 s  REMAINING TIME=     180297.36 s
 NC= 1650000 T= 4.0028E-04 DT= 2.4259E-10 ERR=  0.0% DM/M= 0.0000E+00
 ELAPSED TIME=       6807.48 s  REMAINING TIME=     180269.11 s
 NC= 1655000 T= 4.0149E-04 DT= 2.4259E-10 ERR=  0.0% DM/M= 0.0000E+00
 ELAPSED TIME=       6827.37 s  REMAINING TIME=     180229.16 s
 NC= 1660000 T= 4.0270E-04 DT= 2.4259E-10 ERR=  0.0% DM/M= 0.0000E+00
 ELAPSED TIME=       6847.51 s  REMAINING TIME=     180195.63 s
 NC= 1665000 T= 4.0391E-04 DT= 2.4259E-10 ERR=  0.0% DM/M= 0.0000E+00
 ELAPSED TIME=       6869.62 s  REMAINING TIME=     180214.04 s
 NC= 1670000 T= 4.0513E-04 DT= 2.4259E-10 ERR=  0.0% DM/M= 0.0000E+00
 ELAPSED TIME=       6890.90 s  REMAINING TIME=     180210.44 s
 NC= 1675000 T= 4.0634E-04 DT= 2.4259E-10 ERR=  0.0% DM/M= 0.0000E+00
 ELAPSED TIME=       6913.28 s  REMAINING TIME=     180235.17 s
 NC= 1680000 T= 4.0755E-04 DT= 2.4259E-10 ERR=  0.0% DM/M= 0.0000E+00
 ELAPSED TIME=       6932.97 s  REMAINING TIME=     180189.94 s
 NC= 1685000 T= 4.0877E-04 DT= 2.4259E-10 ERR=  0.0% DM/M= 0.0000E+00
 ELAPSED TIME=       6953.15 s  REMAINING TIME=     180157.63 s
 NC= 1690000 T= 4.0998E-04 DT= 2.4259E-10 ERR=  0.0% DM/M= 0.0000E+00
 ELAPSED TIME=       6973.68 s  REMAINING TIME=     180134.44 s
 NC= 1695000 T= 4.1119E-04 DT= 2.4259E-10 ERR=  0.0% DM/M= 0.0000E+00
 ELAPSED TIME=       6996.98 s  REMAINING TIME=     180182.48 s
 NC= 1700000 T= 4.1241E-04 DT= 2.4259E-10 ERR=  0.0% DM/M= 0.0000E+00
 ELAPSED TIME=       7018.18 s  REMAINING TIME=     180176.12 s
 NC= 1705000 T= 4.1362E-04 DT= 2.4259E-10 ERR=  0.0% DM/M= 0.0000E+00
 ELAPSED TIME=       7037.86 s  REMAINING TIME=     180131.01 s
 NC= 1710000 T= 4.1483E-04 DT= 2.4259E-10 ERR=  0.0% DM/M= 0.0000E+00
 ELAPSED TIME=       7058.38 s  REMAINING TIME=     180107.14 s
 NC= 1715000 T= 4.1604E-04 DT= 2.4259E-10 ERR=  0.0% DM/M= 0.0000E+00
 ELAPSED TIME=       7078.10 s  REMAINING TIME=     180063.29 s
 NC= 1720000 T= 4.1726E-04 DT= 2.4259E-10 ERR=  0.0% DM/M= 0.0000E+00
 ELAPSED TIME=       7098.29 s  REMAINING TIME=     180031.35 s
 NC= 1725000 T= 4.1847E-04 DT= 2.4259E-10 ERR=  0.0% DM/M= 0.0000E+00
 ELAPSED TIME=       7118.32 s  REMAINING TIME=     179995.32 s
 NC= 1730000 T= 4.1968E-04 DT= 2.4259E-10 ERR=  0.0% DM/M= 0.0000E+00
 ELAPSED TIME=       7138.52 s  REMAINING TIME=     179963.78 s
 NC= 1735000 T= 4.2090E-04 DT= 2.4259E-10 ERR=  0.0% DM/M= 0.0000E+00
 ELAPSED TIME=       7159.22 s  REMAINING TIME=     179944.85 s
 NC= 1740000 T= 4.2211E-04 DT= 2.4259E-10 ERR=  0.0% DM/M= 0.0000E+00
 ELAPSED TIME=       7179.13 s  REMAINING TIME=     179906.29 s
 NC= 1745000 T= 4.2332E-04 DT= 2.4259E-10 ERR=  0.0% DM/M= 0.0000E+00
 ELAPSED TIME=       7198.86 s  REMAINING TIME=     179863.01 s
 NC= 1750000 T= 4.2454E-04 DT= 2.4259E-10 ERR=  0.0% DM/M= 0.0000E+00
 ELAPSED TIME=       7219.52 s  REMAINING TIME=     179843.37 s
 NC= 1755000 T= 4.2575E-04 DT= 2.4259E-10 ERR=  0.0% DM/M= 0.0000E+00
 ELAPSED TIME=       7239.95 s  REMAINING TIME=     179817.85 s
 NC= 1760000 T= 4.2696E-04 DT= 2.4259E-10 ERR=  0.0% DM/M= 0.0000E+00
 ELAPSED TIME=       7259.97 s  REMAINING TIME=     179782.13 s
 NC= 1765000 T= 4.2817E-04 DT= 2.4259E-10 ERR=  0.0% DM/M= 0.0000E+00
 ELAPSED TIME=       7280.20 s  REMAINING TIME=     179751.69 s
 NC= 1770000 T= 4.2939E-04 DT= 2.4259E-10 ERR=  0.0% DM/M= 0.0000E+00
 ELAPSED TIME=       7301.01 s  REMAINING TIME=     179735.69 s
 NC= 1775000 T= 4.3060E-04 DT= 2.4259E-10 ERR=  0.0% DM/M= 0.0000E+00
 ELAPSED TIME=       7323.10 s  REMAINING TIME=     179751.06 s
 NC= 1780000 T= 4.3181E-04 DT= 2.4259E-10 ERR=  0.0% DM/M= 0.0000E+00
 ELAPSED TIME=       7343.05 s  REMAINING TIME=     179713.78 s
 NC= 1785000 T= 4.3303E-04 DT= 2.4259E-10 ERR=  0.0% DM/M= 0.0000E+00
 ELAPSED TIME=       7362.62 s  REMAINING TIME=     179667.36 s
 NC= 1790000 T= 4.3424E-04 DT= 2.4259E-10 ERR=  0.0% DM/M= 0.0000E+00
 ELAPSED TIME=       7382.58 s  REMAINING TIME=     179630.56 s
 NC= 1795000 T= 4.3545E-04 DT= 2.4259E-10 ERR=  0.0% DM/M= 0.0000E+00
 ELAPSED TIME=       7403.18 s  REMAINING TIME=     179609.46 s
 NC= 1800000 T= 4.3666E-04 DT= 2.4259E-10 ERR=  0.0% DM/M= 0.0000E+00
 ELAPSED TIME=       7423.57 s  REMAINING TIME=     179583.14 s
 NC= 1805000 T= 4.3788E-04 DT= 2.4259E-10 ERR=  0.0% DM/M= 0.0000E+00
 ELAPSED TIME=       7443.74 s  REMAINING TIME=     179551.70 s
 NC= 1810000 T= 4.3909E-04 DT= 2.4259E-10 ERR=  0.0% DM/M= 0.0000E+00
 ELAPSED TIME=       7463.82 s  REMAINING TIME=     179518.08 s
 NC= 1815000 T= 4.4030E-04 DT= 2.4259E-10 ERR=  0.0% DM/M= 0.0000E+00
 ELAPSED TIME=       7484.60 s  REMAINING TIME=     179501.31 s
 NC= 1820000 T= 4.4152E-04 DT= 2.4259E-10 ERR=  0.0% DM/M= 0.0000E+00
 ELAPSED TIME=       7505.18 s  REMAINING TIME=     179479.93 s
 NC= 1825000 T= 4.4273E-04 DT= 2.4259E-10 ERR=  0.0% DM/M= 0.0000E+00
 ELAPSED TIME=       7525.09 s  REMAINING TIME=     179442.35 s
 NC= 1830000 T= 4.4394E-04 DT= 2.4259E-10 ERR=  0.0% DM/M= 0.0000E+00
 ELAPSED TIME=       7545.15 s  REMAINING TIME=     179408.40 s
 NC= 1835000 T= 4.4516E-04 DT= 2.4259E-10 ERR=  0.0% DM/M= 0.0000E+00
 ELAPSED TIME=       7565.74 s  REMAINING TIME=     179387.31 s
 NC= 1840000 T= 4.4637E-04 DT= 2.4259E-10 ERR=  0.0% DM/M= 0.0000E+00
 ELAPSED TIME=       7586.13 s  REMAINING TIME=     179361.34 s
 NC= 1845000 T= 4.4758E-04 DT= 2.4259E-10 ERR=  0.0% DM/M= 0.0000E+00
 ELAPSED TIME=       7606.55 s  REMAINING TIME=     179336.22 s
 NC= 1850000 T= 4.4879E-04 DT= 2.4259E-10 ERR=  0.0% DM/M= 0.0000E+00
 ELAPSED TIME=       7626.58 s  REMAINING TIME=     179301.79 s
 NC= 1855000 T= 4.5001E-04 DT= 2.4259E-10 ERR=  0.0% DM/M= 0.0000E+00
 ELAPSED TIME=       7647.10 s  REMAINING TIME=     179279.09 s
 NC= 1860000 T= 4.5122E-04 DT= 2.4259E-10 ERR=  0.0% DM/M= 0.0000E+00
 ELAPSED TIME=       7667.81 s  REMAINING TIME=     179260.70 s
 NC= 1865000 T= 4.5243E-04 DT= 2.4259E-10 ERR=  0.0% DM/M= 0.0000E+00
 ELAPSED TIME=       7690.68 s  REMAINING TIME=     179292.75 s
 NC= 1870000 T= 4.5365E-04 DT= 2.4259E-10 ERR=  0.0% DM/M= 0.0000E+00
 ELAPSED TIME=       7710.82 s  REMAINING TIME=     179261.05 s
 NC= 1875000 T= 4.5486E-04 DT= 2.4259E-10 ERR=  0.0% DM/M= 0.0000E+00
 ELAPSED TIME=       7731.19 s  REMAINING TIME=     179234.65 s
 NC= 1880000 T= 4.5607E-04 DT= 2.4259E-10 ERR=  0.0% DM/M= 0.0000E+00
 ELAPSED TIME=       7751.73 s  REMAINING TIME=     179212.25 s
 NC= 1885000 T= 4.5728E-04 DT= 2.4259E-10 ERR=  0.0% DM/M= 0.0000E+00
 ELAPSED TIME=       7771.30 s  REMAINING TIME=     179167.59 s
 NC= 1890000 T= 4.5850E-04 DT= 2.4259E-10 ERR=  0.0% DM/M= 0.0000E+00
 ELAPSED TIME=       7791.51 s  REMAINING TIME=     179137.70 s
 NC= 1895000 T= 4.5971E-04 DT= 2.4259E-10 ERR=  0.0% DM/M= 0.0000E+00
 ELAPSED TIME=       7811.71 s  REMAINING TIME=     179107.66 s
 NC= 1900000 T= 4.6092E-04 DT= 2.4259E-10 ERR=  0.0% DM/M= 0.0000E+00
 ELAPSED TIME=       7832.04 s  REMAINING TIME=     179080.41 s
 NC= 1905000 T= 4.6214E-04 DT= 2.4259E-10 ERR=  0.0% DM/M= 0.0000E+00
 ELAPSED TIME=       7851.91 s  REMAINING TIME=     179042.93 s
 NC= 1910000 T= 4.6335E-04 DT= 2.4259E-10 ERR=  0.0% DM/M= 0.0000E+00
 ELAPSED TIME=       7871.80 s  REMAINING TIME=     179006.06 s
 NC= 1915000 T= 4.6456E-04 DT= 2.4259E-10 ERR=  0.0% DM/M= 0.0000E+00
 ELAPSED TIME=       7891.96 s  REMAINING TIME=     178975.34 s
 NC= 1920000 T= 4.6578E-04 DT= 2.4259E-10 ERR=  0.0% DM/M= 0.0000E+00
 ELAPSED TIME=       7912.62 s  REMAINING TIME=     178955.98 s
 NC= 1925000 T= 4.6699E-04 DT= 2.4259E-10 ERR=  0.0% DM/M= 0.0000E+00
 ELAPSED TIME=       7933.25 s  REMAINING TIME=     178935.94 s
 NC= 1930000 T= 4.6820E-04 DT= 2.4259E-10 ERR=  0.0% DM/M= 0.0000E+00
 ELAPSED TIME=       7954.44 s  REMAINING TIME=     178928.42 s
 NC= 1935000 T= 4.6941E-04 DT= 2.4259E-10 ERR=  0.0% DM/M= 0.0000E+00
 ELAPSED TIME=       7974.25 s  REMAINING TIME=     178889.90 s
 NC= 1940000 T= 4.7063E-04 DT= 2.4259E-10 ERR=  0.0% DM/M= 0.0000E+00
 ELAPSED TIME=       7994.18 s  REMAINING TIME=     178854.27 s
 NC= 1945000 T= 4.7184E-04 DT= 2.4259E-10 ERR=  0.0% DM/M= 0.0000E+00
 ELAPSED TIME=       8013.89 s  REMAINING TIME=     178813.72 s
 NC= 1950000 T= 4.7305E-04 DT= 2.4259E-10 ERR=  0.0% DM/M= 0.0000E+00
 ELAPSED TIME=       8034.01 s  REMAINING TIME=     178782.31 s
 NC= 1955000 T= 4.7427E-04 DT= 2.4259E-10 ERR=  0.0% DM/M= 0.0000E+00
 ELAPSED TIME=       8054.19 s  REMAINING TIME=     178752.34 s
 NC= 1960000 T= 4.7548E-04 DT= 2.4259E-10 ERR=  0.0% DM/M= 0.0000E+00
 ELAPSED TIME=       8076.80 s  REMAINING TIME=     178776.27 s
 NC= 1965000 T= 4.7669E-04 DT= 2.4259E-10 ERR=  0.0% DM/M= 0.0000E+00
 ELAPSED TIME=       8096.81 s  REMAINING TIME=     178742.54 s
 NC= 1970000 T= 4.7791E-04 DT= 2.4259E-10 ERR=  0.0% DM/M= 0.0000E+00
 ELAPSED TIME=       8116.71 s  REMAINING TIME=     178706.56 s
 NC= 1975000 T= 4.7912E-04 DT= 2.4259E-10 ERR=  0.0% DM/M= 0.0000E+00
 ELAPSED TIME=       8137.16 s  REMAINING TIME=     178682.63 s
 NC= 1980000 T= 4.8033E-04 DT= 2.4259E-10 ERR=  0.0% DM/M= 0.0000E+00
 ELAPSED TIME=       8158.18 s  REMAINING TIME=     178671.30 s
 NC= 1985000 T= 4.8154E-04 DT= 2.4259E-10 ERR=  0.0% DM/M= 0.0000E+00
 ELAPSED TIME=       8178.29 s  REMAINING TIME=     178639.98 s
 NC= 1990000 T= 4.8276E-04 DT= 2.4259E-10 ERR=  0.0% DM/M= 0.0000E+00
 ELAPSED TIME=       8198.98 s  REMAINING TIME=     178621.23 s
 NC= 1995000 T= 4.8397E-04 DT= 2.4259E-10 ERR=  0.0% DM/M= 0.0000E+00
 ELAPSED TIME=       8219.17 s  REMAINING TIME=     178591.67 s
 NC= 2000000 T= 4.8518E-04 DT= 2.4259E-10 ERR=  0.0% DM/M= 0.0000E+00
 ELAPSED TIME=       8239.09 s  REMAINING TIME=     178556.49 s
 NC= 2005000 T= 4.8640E-04 DT= 2.4259E-10 ERR=  0.0% DM/M= 0.0000E+00
 ELAPSED TIME=       8258.93 s  REMAINING TIME=     178519.51 s
 NC= 2010000 T= 4.8761E-04 DT= 2.4259E-10 ERR=  0.0% DM/M= 0.0000E+00
 ELAPSED TIME=       8278.29 s  REMAINING TIME=     178472.26 s
 NC= 2015000 T= 4.8882E-04 DT= 2.4259E-10 ERR=  0.0% DM/M= 0.0000E+00
 ELAPSED TIME=       8298.77 s  REMAINING TIME=     178449.17 s
 NC= 2020000 T= 4.9003E-04 DT= 2.4259E-10 ERR=  0.0% DM/M= 0.0000E+00
 ELAPSED TIME=       8318.81 s  REMAINING TIME=     178416.63 s
 NC= 2025000 T= 4.9125E-04 DT= 2.4259E-10 ERR=  0.0% DM/M= 0.0000E+00
 ELAPSED TIME=       8338.62 s  REMAINING TIME=     178379.45 s
 NC= 2030000 T= 4.9246E-04 DT= 2.4259E-10 ERR=  0.0% DM/M= 0.0000E+00
 ELAPSED TIME=       8358.51 s  REMAINING TIME=     178343.86 s
 NC= 2035000 T= 4.9367E-04 DT= 2.4259E-10 ERR=  0.0% DM/M= 0.0000E+00
 ELAPSED TIME=       8378.71 s  REMAINING TIME=     178315.12 s
 NC= 2040000 T= 4.9489E-04 DT= 2.4259E-10 ERR=  0.0% DM/M= 0.0000E+00
 ELAPSED TIME=       8401.29 s  REMAINING TIME=     178336.80 s
 NC= 2045000 T= 4.9610E-04 DT= 2.4259E-10 ERR=  0.0% DM/M= 0.0000E+00
 ELAPSED TIME=       8421.91 s  REMAINING TIME=     178316.83 s
 NC= 2050000 T= 4.9731E-04 DT= 2.4259E-10 ERR=  0.0% DM/M= 0.0000E+00
 ELAPSED TIME=       8442.01 s  REMAINING TIME=     178285.81 s
 NC= 2055000 T= 4.9853E-04 DT= 2.4259E-10 ERR=  0.0% DM/M= 0.0000E+00
 ELAPSED TIME=       8462.31 s  REMAINING TIME=     178259.20 s
 NC= 2060000 T= 4.9974E-04 DT= 2.4259E-10 ERR=  0.0% DM/M= 0.0000E+00
 ELAPSED TIME=       8483.40 s  REMAINING TIME=     178249.06 s
 NC= 2065000 T= 5.0095E-04 DT= 2.4259E-10 ERR=  0.0% DM/M= 0.0000E+00
 ELAPSED TIME=       8503.79 s  REMAINING TIME=     178224.33 s
 NC= 2070000 T= 5.0216E-04 DT= 2.4259E-10 ERR=  0.0% DM/M= 0.0000E+00
 ELAPSED TIME=       8524.17 s  REMAINING TIME=     178199.26 s

got 3 SIGTERM/SIGINTs, forcefully exiting
