************************************************************************
**                                                                    **
**                                                                    **
**                        OpenRadioss Starter                         **
**                                                                    **
**            Non-linear Finite Element Analysis Software             **
**                                                                    **
**                                                                    **
**                                                                    **
**               Linux 64 bits, ARM, GFortran compiler                **
**                      Double Precision Version                      **
**                                                                    **
**                                                                    **
**                                                                    **
************************************************************************
** OpenRadioss Software                                               **
** COPYRIGHT (C) 2026 Siemens                                         **
** Licensed under GNU Affero General Public License.                  **
** See License file.                                                  **
************************************************************************
 

WARNING ID : 100214
** WARNING IN INPUT OPTIONS
DESCRIPTION :  
-- BLOCK: /IOFLAG
-- LINE: 1                   0         0         0         0         0
unsupported field exists
SOLUTION :     
    Please check input format and fields description defined in the Reference Guide.

WARNING ID : 100214
** WARNING IN INPUT OPTIONS
DESCRIPTION :  
-- BLOCK: /PROP/SHELL/1
-- LINE: 5         1  2.400000000000E-03  8.333333333333E-01         1         0
unsupported field exists
SOLUTION :     
    Please check input format and fields description defined in the Reference Guide.

WARNING ID : 100214
** WARNING IN INPUT OPTIONS
DESCRIPTION :  
-- BLOCK: /PROP/SHELL/2
-- LINE: 5         1  2.400000000000E-03  8.333333333333E-01         1         0
unsupported field exists
SOLUTION :     
    Please check input format and fields description defined in the Reference Guide.

WARNING ID : 100214
** WARNING IN INPUT OPTIONS
DESCRIPTION :  
-- BLOCK: /PROP/SHELL/3
-- LINE: 5         1  4.362552000000E-03  8.333333333333E-01         1         0
unsupported field exists
SOLUTION :     
    Please check input format and fields description defined in the Reference Guide.

WARNING ID : 100214
** WARNING IN INPUT OPTIONS
DESCRIPTION :  
-- BLOCK: /PROP/SHELL/4
-- LINE: 5         1  3.000000000000E-03  8.333333333333E-01         1         0
unsupported field exists
SOLUTION :     
    Please check input format and fields description defined in the Reference Guide.

WARNING ID : 100214
** WARNING IN INPUT OPTIONS
DESCRIPTION :  
-- BLOCK: /PROP/SHELL/5
-- LINE: 5         1  2.400000000000E-03  8.333333333333E-01         1         0
unsupported field exists
SOLUTION :     
    Please check input format and fields description defined in the Reference Guide.

WARNING ID : 100214
** WARNING IN INPUT OPTIONS
DESCRIPTION :  
-- BLOCK: /PROP/SHELL/6
-- LINE: 5         1  2.400000000000E-03  8.333333333333E-01         1         0
unsupported field exists
SOLUTION :     
    Please check input format and fields description defined in the Reference Guide.

WARNING ID : 100214
** WARNING IN INPUT OPTIONS
DESCRIPTION :  
-- BLOCK: /PROP/SHELL/7
-- LINE: 5         1  1.500000000000E-02  8.333333333333E-01         1         0
unsupported field exists
SOLUTION :     
    Please check input format and fields description defined in the Reference Guide.
CFD motion OpenRadioss shell export
 .. UNITS SYSTEM                                                                         
 .. CONTROL VARIABLES                                                                    
 .. STARTER RUNNING ON    8 THREADS
 .. MATERIALS                                                                            
 .. NODES                                                                                
 .. PROPERTIES                                                                           
 .. 3D TRIANGULAR SHELL ELEMENTS                                                         
 .. SUBSETS
 .. ELEMENT GROUPS
 .. PART GROUPS
 .. SURFACES 
 .. NODE GROUP
 .. INITIAL VELOCITIES                                                                   
 .. DOMAIN DECOMPOSITION
 .. ELEMENT GROUPS                                                                       
 .. INTERFACES                                                                           
 .. INTERFACE BUFFER INITIALIZATION                                                      
 .. RETURNS TO DOMAIN DECOMPOSITION FOR OPTIMIZATION
 .. DOMAIN DECOMPOSITION
 .. ELEMENT GROUPS                                                                       
 .. INTERFACES                                                                           
 .. INTERFACE BUFFER INITIALIZATION                                                      

WARNING ID :    343
** WARNING: INITIAL PENETRATIONS IN INTERFACE

WARNING ID :    343
** WARNING: INITIAL PENETRATIONS IN INTERFACE

WARNING ID :    343
** WARNING: INITIAL PENETRATIONS IN INTERFACE

WARNING ID :    343
** WARNING: INITIAL PENETRATIONS IN INTERFACE

WARNING ID :    343
** WARNING: INITIAL PENETRATIONS IN INTERFACE

WARNING ID :    343
** WARNING: INITIAL PENETRATIONS IN INTERFACE

WARNING ID :    343
** WARNING: INITIAL PENETRATIONS IN INTERFACE

WARNING ID :    343
** WARNING: INITIAL PENETRATIONS IN INTERFACE
 .. ELEMENT BUFFER INITIALIZATION                                                        
 .. GEOMETRY PLOT FILE                                                                   
 .. PARALLEL RESTART FILES GENERATION                                                    
  
------------------------------------------------------------------------
  
                   ** COMPUTE TIME INFORMATION **
  
 EXECUTION STARTED      :      2026/08/20  19:33:34
 EXECUTION COMPLETED    :      2026/08/20  19:33:35
  
 ELAPSED TIME...........=          0.87 s
                               00:00:00
  
------------------------------------------------------------------------



     TERMINATION WITH WARNING           
     ------------------                                                                  
              0 ERROR(S)            
             16 WARNING(S)          




PLEASE CHECK LISTING FILE FOR FURTHER DETAILS


